Archive member included because of file (symbol)

/opt/cross-compiler-mips/lib//libc.a(memset.o)
                              main.o (memset)

Allocating common symbols
Common symbol       size              file

InitStack           0x200             boot.o
data                0x40              main.o

Discarded input sections

 .reginfo       0x0000000000000000        0x0 main.o
 .reginfo       0x0000000000000000        0x0 no_os.o
 .reginfo       0x0000000000000000        0x0 plasmasoc.o
 .reginfo       0x0000000000000000        0x0 /opt/cross-compiler-mips/lib//libc.a(memset.o)
 .note.GNU-stack
                0x0000000000000000        0x0 /opt/cross-compiler-mips/lib//libc.a(memset.o)

Memory Configuration

Name             Origin             Length             Attributes
*default*        0x0000000000000000 0xffffffffffffffff

Linker script and memory map

Address of section .text set to 0x0
LOAD boot.o
LOAD main.o
LOAD no_os.o
LOAD plasmasoc.o
LOAD /opt/cross-compiler-mips/lib//libc.a
                0x0000000000400000                PROVIDE (__executable_start, 0x400000)
                0x00000000004000b4                . = (0x400000 + SIZEOF_HEADERS)

.interp
 *(.interp)

.reginfo        0x00000000004000b4       0x18
 *(.reginfo)
 .reginfo       0x00000000004000b4       0x18 boot.o

.dynamic
 *(.dynamic)

.hash
 *(.hash)

.dynsym
 *(.dynsym)

.dynstr
 *(.dynstr)

.gnu.version
 *(.gnu.version)

.gnu.version_d
 *(.gnu.version_d)

.gnu.version_r
 *(.gnu.version_r)

.rel.init
 *(.rel.init)

.rela.init
 *(.rela.init)

.rel.text
 *(.rel.text .rel.text.* .rel.gnu.linkonce.t.*)

.rela.text
 *(.rela.text .rela.text.* .rela.gnu.linkonce.t.*)

.rel.fini
 *(.rel.fini)

.rela.fini
 *(.rela.fini)

.rel.rodata
 *(.rel.rodata .rel.rodata.* .rel.gnu.linkonce.r.*)

.rela.rodata
 *(.rela.rodata .rela.rodata.* .rela.gnu.linkonce.r.*)

.rel.data.rel.ro
 *(.rel.data.rel.ro* .rel.gnu.linkonce.d.rel.ro.*)

.rela.data.rel.ro
 *(.rela.data.rel.ro* .rela.gnu.linkonce.d.rel.ro.*)

.rel.data
 *(.rel.data .rel.data.* .rel.gnu.linkonce.d.*)

.rela.data
 *(.rela.data .rela.data.* .rela.gnu.linkonce.d.*)

.rel.tdata
 *(.rel.tdata .rel.tdata.* .rel.gnu.linkonce.td.*)

.rela.tdata
 *(.rela.tdata .rela.tdata.* .rela.gnu.linkonce.td.*)

.rel.tbss
 *(.rel.tbss .rel.tbss.* .rel.gnu.linkonce.tb.*)

.rela.tbss
 *(.rela.tbss .rela.tbss.* .rela.gnu.linkonce.tb.*)

.rel.ctors
 *(.rel.ctors)

.rela.ctors
 *(.rela.ctors)

.rel.dtors
 *(.rel.dtors)

.rela.dtors
 *(.rela.dtors)

.rel.got
 *(.rel.got)

.rela.got
 *(.rela.got)

.rel.sdata
 *(.rel.sdata .rel.sdata.* .rel.gnu.linkonce.s.*)

.rela.sdata
 *(.rela.sdata .rela.sdata.* .rela.gnu.linkonce.s.*)

.rel.sbss
 *(.rel.sbss .rel.sbss.* .rel.gnu.linkonce.sb.*)

.rela.sbss
 *(.rela.sbss .rela.sbss.* .rela.gnu.linkonce.sb.*)

.rel.sdata2
 *(.rel.sdata2 .rel.sdata2.* .rel.gnu.linkonce.s2.*)

.rela.sdata2
 *(.rela.sdata2 .rela.sdata2.* .rela.gnu.linkonce.s2.*)

.rel.sbss2
 *(.rel.sbss2 .rel.sbss2.* .rel.gnu.linkonce.sb2.*)

.rela.sbss2
 *(.rela.sbss2 .rela.sbss2.* .rela.gnu.linkonce.sb2.*)

.rel.bss
 *(.rel.bss .rel.bss.* .rel.gnu.linkonce.b.*)

.rela.bss
 *(.rela.bss .rela.bss.* .rela.gnu.linkonce.b.*)

.rel.plt
 *(.rel.plt)

.rela.plt
 *(.rela.plt)

.init
 *(.init)

.plt
 *(.plt)

.text           0x0000000000000000      0x870
                0x0000000000000000                _ftext = .
 *(.text .stub .text.* .gnu.linkonce.t.*)
 .text          0x0000000000000000      0x200 boot.o
                0x00000000000001a8                longjmp
                0x0000000000000000                entry
                0x0000000000000170                setjmp
                0x0000000000000134                OS_AsmInterruptInit
                0x00000000000001e0                OS_AsmMult
                0x000000000000003c                interrupt_service_routine
                0x00000000000001f4                OS_Syscall
                0x0000000000000128                OS_AsmInterruptEnable
 .text          0x0000000000000200      0x1d0 main.o
                0x0000000000000200                main
 .text          0x00000000000003d0      0x270 no_os.o
                0x00000000000003d0                putchar
                0x0000000000000424                puts
                0x00000000000005c0                kbhit
                0x00000000000005f4                getch
                0x0000000000000588                OS_InterruptServiceRoutine
                0x00000000000004c8                print_hex
 .text          0x0000000000000640      0x1a0 plasmasoc.o
                0x0000000000000730                l1_cache_operate_on_line_range
 .text          0x00000000000007e0       0x90 /opt/cross-compiler-mips/lib//libc.a(memset.o)
                0x00000000000007e0                __GI_memset
                0x00000000000007e0                memset
 *(.text.*personality*)
 *(.gnu.warning)
 *(.mips16.fn.*)
 *(.mips16.call.*)

.fini
 *(.fini)
                0x0000000000000870                PROVIDE (__etext, .)
                0x0000000000000870                PROVIDE (_etext, .)
                0x0000000000000870                PROVIDE (etext, .)

.rodata
 *(.rodata .rodata.* .gnu.linkonce.r.*)

.rodata1
 *(.rodata1)

.sdata2
 *(.sdata2 .sdata2.* .gnu.linkonce.s2.*)

.sbss2
 *(.sbss2 .sbss2.* .gnu.linkonce.sb2.*)

.eh_frame_hdr
 *(.eh_frame_hdr)

.eh_frame
 *(.eh_frame)

.gcc_except_table
 *(.gcc_except_table .gcc_except_table.*)
                0x0000000000000870                . = .

.eh_frame
 *(.eh_frame)

.gcc_except_table
 *(.gcc_except_table .gcc_except_table.*)

.tdata
 *(.tdata .tdata.* .gnu.linkonce.td.*)

.tbss
 *(.tbss .tbss.* .gnu.linkonce.tb.*)
 *(.tcommon)

.preinit_array  0x0000000000000870        0x0
                0x0000000000000870                PROVIDE (__preinit_array_start, .)
 *(.preinit_array)
                0x0000000000000870                PROVIDE (__preinit_array_end, .)

.init_array     0x0000000000000870        0x0
                0x0000000000000870                PROVIDE (__init_array_start, .)
 *(SORT(.init_array.*))
 *(.init_array)
                0x0000000000000870                PROVIDE (__init_array_end, .)

.fini_array     0x0000000000000870        0x0
                0x0000000000000870                PROVIDE (__fini_array_start, .)
 *(.fini_array)
 *(SORT(.fini_array.*))
                0x0000000000000870                PROVIDE (__fini_array_end, .)

.ctors
 *crtbegin*.o(.ctors)
 *(EXCLUDE_FILE(*crtend*.o) .ctors)
 *(SORT(.ctors.*))
 *(.ctors)

.dtors
 *crtbegin*.o(.dtors)
 *(EXCLUDE_FILE(*crtend*.o) .dtors)
 *(SORT(.dtors.*))
 *(.dtors)

.jcr
 *(.jcr)

.data.rel.ro
 *(.data.rel.ro.local* .gnu.linkonce.d.rel.ro.local.*)
 *(.data.rel.ro* .gnu.linkonce.d.rel.ro.*)

.data           0x0000000000000870        0x0
                0x0000000000000870                _fdata = .
 *(.data .data.* .gnu.linkonce.d.*)
 .data          0x0000000000000870        0x0 boot.o
 .data          0x0000000000000870        0x0 main.o
 .data          0x0000000000000870        0x0 no_os.o
 .data          0x0000000000000870        0x0 plasmasoc.o
 .data          0x0000000000000870        0x0 /opt/cross-compiler-mips/lib//libc.a(memset.o)
 *(.gnu.linkonce.d.*personality*)

.data1
 *(.data1)
                0x0000000000000870                . = .
                0x0000000000008860                _gp = (ALIGN (0x10) + 0x7ff0)

.got
 *(.got.plt)
 *(.got)

.sdata
 *(.sdata .sdata.* .gnu.linkonce.s.*)

.lit8
 *(.lit8)

.lit4
 *(.lit4)
                0x0000000000000870                _edata = .
                0x0000000000000870                PROVIDE (edata, .)
                0x0000000000000870                __bss_start = .
                0x0000000000000870                _fbss = .

.sbss
 *(.dynsbss)
 *(.sbss .sbss.* .gnu.linkonce.sb.*)
 *(.scommon)

.bss            0x0000000000000870      0x240
 *(.dynbss)
 *(.bss .bss.* .gnu.linkonce.b.*)
 .bss           0x0000000000000870        0x0 boot.o
 .bss           0x0000000000000870        0x0 main.o
 .bss           0x0000000000000870        0x0 no_os.o
 .bss           0x0000000000000870        0x0 plasmasoc.o
 .bss           0x0000000000000870        0x0 /opt/cross-compiler-mips/lib//libc.a(memset.o)
 *(COMMON)
 COMMON         0x0000000000000870      0x200 boot.o
                0x0000000000000870                InitStack
 COMMON         0x0000000000000a70       0x40 main.o
                0x0000000000000a70                data
                0x0000000000000ab0                . = ALIGN ((. != 0x0)?0x4:0x1)
                0x0000000000000ab0                . = ALIGN (0x4)
                0x0000000000000ab0                . = ALIGN (0x4)
                0x0000000000000ab0                _end = .
                0x0000000000000ab0                PROVIDE (end, .)

.stab
 *(.stab)

.stabstr
 *(.stabstr)

.stab.excl
 *(.stab.excl)

.stab.exclstr
 *(.stab.exclstr)

.stab.index
 *(.stab.index)

.stab.indexstr
 *(.stab.indexstr)

.comment        0x0000000000000000       0x36
 *(.comment)
 .comment       0x0000000000000000       0x12 main.o
 .comment       0x0000000000000012       0x12 no_os.o
 .comment       0x0000000000000024       0x12 plasmasoc.o

.debug
 *(.debug)

.line
 *(.line)

.debug_srcinfo
 *(.debug_srcinfo)

.debug_sfnames
 *(.debug_sfnames)

.debug_aranges
 *(.debug_aranges)

.debug_pubnames
 *(.debug_pubnames)

.debug_info
 *(.debug_info .gnu.linkonce.wi.*)

.debug_abbrev
 *(.debug_abbrev)

.debug_line
 *(.debug_line)

.debug_frame
 *(.debug_frame)

.debug_str
 *(.debug_str)

.debug_loc
 *(.debug_loc)

.debug_macinfo
 *(.debug_macinfo)

.debug_weaknames
 *(.debug_weaknames)

.debug_funcnames
 *(.debug_funcnames)

.debug_typenames
 *(.debug_typenames)

.debug_varnames
 *(.debug_varnames)

.gptab.sdata
 *(.gptab.data)
 *(.gptab.sdata)

.gptab.sbss
 *(.gptab.bss)
 *(.gptab.sbss)

.mdebug.abi32   0x0000000000000036        0x0
 *(.mdebug.abi32)
 .mdebug.abi32  0x0000000000000036        0x0 main.o
 .mdebug.abi32  0x0000000000000036        0x0 no_os.o
 .mdebug.abi32  0x0000000000000036        0x0 plasmasoc.o

.mdebug.abiN32
 *(.mdebug.abiN32)

.mdebug.abi64
 *(.mdebug.abi64)

.mdebug.abiO64
 *(.mdebug.abiO64)

.mdebug.eabi32
 *(.mdebug.eabi32)

.mdebug.eabi64
 *(.mdebug.eabi64)

.gcc_compiled_long32
 *(.gcc_compiled_long32)

.gcc_compiled_long64
 *(.gcc_compiled_long64)

/DISCARD/
 *(.note.GNU-stack)
OUTPUT(main.axf elf32-tradbigmips)

.pdr            0x0000000000000000      0x280
 .pdr           0x0000000000000000      0x100 boot.o
 .pdr           0x0000000000000100       0x60 main.o
 .pdr           0x0000000000000160       0xc0 no_os.o
 .pdr           0x0000000000000220       0x40 plasmasoc.o
 .pdr           0x0000000000000260       0x20 /opt/cross-compiler-mips/lib//libc.a(memset.o)
